// Jest Snapshot v1, https://goo.gl/fbAQLP

exports[`JavaScript output: transformed source code 1`] = `
"module.exports = <div>{((_pug_nodes, _pug_arr) => {
    if (!(_pug_arr == null || Array.isArray(_pug_arr))) throw new Error(\\"Expected \\\\\\"[[1, 2, 3], [], null]\\\\\\" to be an array because it is passed to each.\\");
    if (_pug_arr == null || _pug_arr.length === 0) return undefined;

    for (let i = 0; i < _pug_arr.length; i++) {
      const list = _pug_arr[i];
      _pug_nodes[_pug_nodes.length] = <div key={\\"pug\\" + i + \\":0\\"}>{((_pug_nodes2, _pug_arr2) => {
          if (!(_pug_arr2 == null || Array.isArray(_pug_arr2))) throw new Error(\\"Expected \\\\\\"list\\\\\\" to be an array because it is passed to each.\\");
          if (_pug_arr2 == null || _pug_arr2.length === 0) return \\"No items in this list\\";

          for (let _pug_index = 0; _pug_index < _pug_arr2.length; _pug_index++) {
            const item = _pug_arr2[_pug_index];
            _pug_nodes2[_pug_nodes2.length] = <span key={\\"pug\\" + item + \\":0\\"}>{item}</span>;
          }

          return _pug_nodes2;
        })([], list)}{((_pug_nodes3, _pug_arr3) => {
          if (!(_pug_arr3 == null || Array.isArray(_pug_arr3))) throw new Error(\\"Expected \\\\\\"list\\\\\\" to be an array because it is passed to each.\\");
          if (_pug_arr3 == null || _pug_arr3.length === 0) return [\\"This is \\", <strong key=\\"pug:1:0\\">literally</strong>, \\" the same list!\\"];

          for (let _pug_index2 = 0; _pug_index2 < _pug_arr3.length; _pug_index2++) {
            const item = _pug_arr3[_pug_index2];
            _pug_nodes3[_pug_nodes3.length] = <span key={\\"pug\\" + item + \\":0\\"}>{item}</span>;
          }

          return _pug_nodes3;
        })([], list)}</div>;
    }

    return _pug_nodes;
  })([], [[1, 2, 3], [], null])}</div>;"
`;

exports[`html output: generated html 1`] = `
<div>
  <div>
    <span>
      1
    </span>
    <span>
      2
    </span>
    <span>
      3
    </span>
    <span>
      1
    </span>
    <span>
      2
    </span>
    <span>
      3
    </span>
  </div>
  <div>
    No items in this list
    This is 
    <strong>
      literally
    </strong>
     the same list!
  </div>
  <div>
    No items in this list
    This is 
    <strong>
      literally
    </strong>
     the same list!
  </div>
</div>
`;

exports[`static html output: static html 1`] = `"<div><div><span>1</span><span>2</span><span>3</span><span>1</span><span>2</span><span>3</span></div><div>No items in this listThis is <strong>literally</strong> the same list!</div><div>No items in this listThis is <strong>literally</strong> the same list!</div></div>"`;
