// Jest Snapshot v1, https://goo.gl/fbAQLP

exports[`JavaScript output: transformed source code 1`] = `
"'use strict';

if (true) {
	module.exports = <div><div className=\\"foo\\">Hi there</div></div>;
}"
`;

exports[`html output: generated html 1`] = `
<div>
  <div
    className="foo"
  >
    Hi there
  </div>
</div>
`;

exports[`static html output: static html 1`] = `"<div><div class=\\"foo\\">Hi there</div></div>"`;
