// Jest Snapshot v1, https://goo.gl/fbAQLP

exports[`Expect an error to be thrown 1`] = `
"<basedir>/src/__tests__/invalid-interpolation-error.input.js: <basedir>/src/__tests__/invalid-interpolation-error.input.js:3
    1| const name = 'jack';
    2| 
  > 3| module.exports = pug\`div(name=\\"this\${name}isnotallowed\\")\`;
    4| 

Only an interpolation can be specified. You may want to remove \\"this isnotallowed\\"."
`;
