// Jest Snapshot v1, https://goo.gl/fbAQLP

exports[`Expect an error to be thrown 1`] = `
"<basedir>/src/__tests__/invalid-interpolated-component-error.input.js: <basedir>/src/__tests__/invalid-interpolated-component-error.input.js:5
    3| module.exports = pug\`
    4|   div
  > 5|     \${name} hello hello
    6| \`;
    7| 

Only components can have children and attributes"
`;
