// Jest Snapshot v1, https://goo.gl/fbAQLP

exports[`JavaScript output: transformed source code 1`] = `"module.exports = <div>foo{\\"\\\\n\\"}bar</div>;"`;

exports[`html output: generated html 1`] = `
<div>
  foo
  

  bar
</div>
`;

exports[`static html output: static html 1`] = `
"<div>foo
bar</div>"
`;
